** Drc report for my_board.kicad_pcb **
** Created on 2026-10-06T16:47:25 **
** Report includes: Errors, Warnings **

** Found 4 DRC violations **
[copper_edge_clearance]: Board edge clearance violation (board setup constraints edge clearance 0.0197 in; actual 0.0000 in)
    Rule: board setup constraints edge; error
    @(1.9685 in, 1.9685 in): Segment on Edge.Cuts
    @(2.0472 in, 1.9724 in): Track [/NET_A] on F.Cu, length 0.3150 in
[track_dangling]: Track has unconnected end
    Local override; warning
    @(2.0472 in, 1.9724 in): Track [/NET_A] on F.Cu, length 0.3150 in
[track_dangling]: Track has unconnected end
    Local override; warning
    @(2.2520 in, 2.3189 in): Track [/NET_B] on F.Cu, length 0.1220 in
[track_dangling]: Track has unconnected end
    Local override; warning
    @(2.4409 in, 2.5591 in): Track [/GND] on F.Cu, length 0.1575 in

** Found 4 unconnected pads **
[unconnected_items]: Missing connection between items
    Local override; error
    @(2.2510 in, 2.2835 in): Pad 1 [/NET_A] of R1 on F.Cu
    @(2.0472 in, 1.9724 in): Track [/NET_A] on F.Cu, length 0.3150 in
[unconnected_items]: Missing connection between items
    Local override; error
    @(2.2510 in, 2.2835 in): Pad 1 [/NET_A] of R1 on F.Cu
    @(2.7234 in, 2.2835 in): Pad 1 [/NET_A] of R2 on F.Cu
[unconnected_items]: Missing connection between items
    Local override; error
    @(2.3159 in, 2.2835 in): Pad 2 [/NET_B] of R1 on F.Cu
    @(2.2520 in, 2.3189 in): Track [/NET_B] on F.Cu, length 0.1220 in
[unconnected_items]: Missing connection between items
    Local override; error
    @(2.7884 in, 2.2835 in): Pad 2 [/NET_B] of R2 on F.Cu
    @(2.3159 in, 2.2835 in): Pad 2 [/NET_B] of R1 on F.Cu

** Found 0 Footprint errors **

** Ignored checks **
    - Footprint has no courtyard defined
    - Track endpoint not centered on via
    - Tuning profile track geometries
    - Footprint doesn't match symbol's footprint filters
    - Footprint component type doesn't match footprint pads

** End of Report **
